// Jest Snapshot v1, https://goo.gl/fbAQLP

exports[`<Button> renders correctly 1`] = `
<button
  className="sc-bdVaJa sc-bxivhb faYUFm"
  type="button"
>
  <span>
    Button
  </span>
</button>
`;

exports[`<Button> renders correctly as link 1`] = `
<a
  className="sc-bdVaJa sc-htpNat bAJDaB sc-bwzfXH dMnXxd"
  href="http://example.com"
  target="_blank"
>
  <span>
    Button
  </span>
</a>
`;
